---
source: src/parser.rs
expression: "parse_statement(\"return;\")"
---
Ok(
    Return {
        value: None,
    },
)
