---
source: src/parser.rs
expression: "parse_statement(\"{}\")"
---
Ok(
    Block {
        statements: [],
    },
)
