---
source: src/parser.rs
expression: "parse_statement(\"arr: array [1] integer = {;\")"
---
Err(
    UnexpectedToken(
        "expect expression",
    ),
)
