---
source: src/parser.rs
expression: "parse_statement(\"arr: array [;\")"
---
Err(
    UnexpectedToken(
        "Token { kind: Semicolon, lexeme: \";\", line: 0 }",
    ),
)
