---
source: src/parser.rs
expression: "parse_statement(\"fn: function boolean() =\")"
---
Err(
    UnexpectedToken(
        "expect function body",
    ),
)
