---
source: src/parser.rs
expression: "parse_statement(\"for\")"
---
Err(
    UnexpectedToken(
        "expect '(' after for",
    ),
)
