---
source: src/parser.rs
expression: "parse_statement(\"return 1;\")"
---
Ok(
    Return {
        value: Some(
            Literal {
                value: Token {
                    kind: IntegerLiteral,
                    lexeme: "1",
                    line: 0,
                },
                kind: Integer,
            },
        ),
    },
)
