---
source: src/parser.rs
expression: "parse_statement(\"m: map;\")"
---
Err(
    UnexpectedToken(
        "expect map key type",
    ),
)
