---
source: src/parser.rs
expression: "parse_statement(\"if ()\")"
---
Err(
    UnexpectedToken(
        "expect expression",
    ),
)
