---
source: src/parser.rs
expression: "parse_expression(\"x[\")"
---
Err(
    UnexpectedToken(
        "expect expression",
    ),
)
