---
source: src/parser.rs
expression: "parse_statement(\"fn: function boolean (a: array [] boolean);\")"
---
Ok(
    PrototypeDeclaration {
        name: Token {
            kind: Identifier,
            lexeme: "fn",
            line: 0,
        },
        return_kind: Token {
            kind: Boolean,
            lexeme: "boolean",
            line: 0,
        },
        params: [
            Param {
                name: Token {
                    kind: Identifier,
                    lexeme: "a",
                    line: 0,
                },
                kind: Array {
                    kind: Token {
                        kind: Boolean,
                        lexeme: "boolean",
                        line: 0,
                    },
                },
            },
        ],
    },
)
